{
  "data": {
    "root": [
      {
        "name": "Baz",
        "books": [
          {
            "title": "Baz1"
          }
        ]
      }
    ]
  }
}
