{
  "data": {
    "root": [
      {
        "foo": {
          "barString": "testatest",
          "collection": {
            "items": [
              {
                "foo": {
                  "barString": "a",
                  "barShort": 12
                }
              }
            ]
          }
        }
      },
      {
        "foo": {
          "barString": "testbtest",
          "collection": {
            "items": [
              {
                "foo": {
                  "barString": "a",
                  "barShort": 12
                }
              }
            ]
          }
        }
      }
    ]
  }
}
