{
  "data": {
    "executable": [
      {
        "name": "Baz",
        "books": [
          {
            "title": "Baz2"
          },
          {
            "title": "Baz1"
          }
        ]
      }
    ]
  }
}
